== 2026-09-24 12:50:12 -0500 · 18 desplegado(s), 0 sin desplegar
micolev1	HECHO	amiguitosdejesus	5a7f957b	0db94dce	7 migracion(es), respaldo /home/micolev1/respaldos/antes-de-migrar/micolev1_amiguitosdejesus-2026-09-24-134719-0db94dce.sql.gz
micolev1	HECHO	bethelexplora	5a7f957b	0db94dce	7 migracion(es), respaldo /home/micolev1/respaldos/antes-de-migrar/micolev1_bethel_arauquita_db-2026-09-24-134723-0db94dce.sql.gz
micolev1	HECHO	cads-itagui	5a7f957b	0db94dce	7 migracion(es), respaldo /home/micolev1/respaldos/antes-de-migrar/micolev1_cads_itagui_db-2026-09-24-134728-0db94dce.sql.gz
micolev1	HECHO	casb-medellin	5a7f957b	0db94dce	7 migracion(es), respaldo /home/micolev1/respaldos/antes-de-migrar/micolev1_simonbolivar_medellin-2026-09-24-134736-0db94dce.sql.gz
micolev1	HECHO	caz-zaragoza	5a7f957b	0db94dce	7 migracion(es), respaldo /home/micolev1/respaldos/antes-de-migrar/micolev1_caz_zaragoza_db-2026-09-24-134746-0db94dce.sql.gz
micolev1	HECHO	coabsaravena	5a7f957b	0db94dce	7 migracion(es), respaldo /home/micolev1/respaldos/antes-de-migrar/micolev1_coab_saravena_db-2026-09-24-134752-0db94dce.sql.gz
micolev1	HECHO	coal	5a7f957b	0db94dce	7 migracion(es), respaldo /home/micolev1/respaldos/antes-de-migrar/micolev1_coal_bucara-2026-09-24-134809-0db94dce.sql.gz
micolev1	HECHO	colbosque	5a7f957b	0db94dce	7 migracion(es), respaldo /home/micolev1/respaldos/antes-de-migrar/micolev1_colbosque_tame-2026-09-24-134821-0db94dce.sql.gz
micolev1	HECHO	coljordan	5a7f957b	0db94dce	7 migracion(es), respaldo /home/micolev1/respaldos/antes-de-migrar/micolev1_coljordan_db-2026-09-24-134824-0db94dce.sql.gz
micolev1	HECHO	comad-san-andres	5a7f957b	0db94dce	7 migracion(es), respaldo /home/micolev1/respaldos/antes-de-migrar/micolev1_comad_san_andres_db-2026-09-24-134831-0db94dce.sql.gz
micolev1	HECHO	demo	5a7f957b	0db94dce	7 migracion(es), respaldo /home/micolev1/respaldos/antes-de-migrar/micolev1_demo_db-2026-09-24-134837-0db94dce.sql.gz
micolev1	HECHO	eal	5a7f957b	0db94dce	7 migracion(es), respaldo /home/micolev1/respaldos/antes-de-migrar/micolev1_la_hermosa-2026-09-24-134843-0db94dce.sql.gz
micolev1	HECHO	fortul	5a7f957b	0db94dce	7 migracion(es), respaldo /home/micolev1/respaldos/antes-de-migrar/micolev1_fortul_adventista_db-2026-09-24-134846-0db94dce.sql.gz
micolev1	HECHO	inseaq	5a7f957b	0db94dce	7 migracion(es), respaldo /home/micolev1/respaldos/antes-de-migrar/micolev1_quibdo_db-2026-09-24-134852-0db94dce.sql.gz
micolev1	HECHO	lal	5a7f957b	0db94dce	7 migracion(es), respaldo /home/micolev1/respaldos/antes-de-migrar/micolev1_lal_db-2026-09-24-134918-0db94dce.sql.gz
micolev1	HECHO	maranathaarauca	5a7f957b	0db94dce	7 migracion(es), respaldo /home/micolev1/respaldos/antes-de-migrar/micolev1_arauca_maranatha_db-2026-09-24-134936-0db94dce.sql.gz
micolev1	HECHO	semillitasdedios	5a7f957b	0db94dce	7 migracion(es), respaldo /home/micolev1/respaldos/antes-de-migrar/micolev1_semillitas-2026-09-24-134947-0db94dce.sql.gz
micolevi	HECHO	public_html	5a7f957b	0db94dce	7 migracion(es), respaldo /home/micolevi/respaldos/antes-de-migrar/micolevi_lalvirtual-2026-09-24-134953-0db94dce.sql.gz
== 2026-09-24 22:37:03 -0500 · 18 desplegado(s), 0 sin desplegar
micolev1	HECHO	amiguitosdejesus	67197afb	5a7f957b	6 migracion(es), respaldo /home/micolev1/respaldos/antes-de-migrar/micolev1_amiguitosdejesus-2026-09-24-233400-5a7f957b.sql.gz
micolev1	HECHO	bethelexplora	67197afb	5a7f957b	6 migracion(es), respaldo /home/micolev1/respaldos/antes-de-migrar/micolev1_bethel_arauquita_db-2026-09-24-233404-5a7f957b.sql.gz
micolev1	HECHO	cads-itagui	67197afb	5a7f957b	6 migracion(es), respaldo /home/micolev1/respaldos/antes-de-migrar/micolev1_cads_itagui_db-2026-09-24-233413-5a7f957b.sql.gz
micolev1	HECHO	casb-medellin	67197afb	5a7f957b	6 migracion(es), respaldo /home/micolev1/respaldos/antes-de-migrar/micolev1_simonbolivar_medellin-2026-09-24-233421-5a7f957b.sql.gz
micolev1	HECHO	caz-zaragoza	67197afb	5a7f957b	6 migracion(es), respaldo /home/micolev1/respaldos/antes-de-migrar/micolev1_caz_zaragoza_db-2026-09-24-233433-5a7f957b.sql.gz
micolev1	HECHO	coabsaravena	67197afb	5a7f957b	6 migracion(es), respaldo /home/micolev1/respaldos/antes-de-migrar/micolev1_coab_saravena_db-2026-09-24-233439-5a7f957b.sql.gz
micolev1	HECHO	coal	67197afb	5a7f957b	6 migracion(es), respaldo /home/micolev1/respaldos/antes-de-migrar/micolev1_coal_bucara-2026-09-24-233457-5a7f957b.sql.gz
micolev1	HECHO	colbosque	67197afb	5a7f957b	6 migracion(es), respaldo /home/micolev1/respaldos/antes-de-migrar/micolev1_colbosque_tame-2026-09-24-233510-5a7f957b.sql.gz
micolev1	HECHO	coljordan	67197afb	5a7f957b	6 migracion(es), respaldo /home/micolev1/respaldos/antes-de-migrar/micolev1_coljordan_db-2026-09-24-233513-5a7f957b.sql.gz
micolev1	HECHO	comad-san-andres	67197afb	5a7f957b	6 migracion(es), respaldo /home/micolev1/respaldos/antes-de-migrar/micolev1_comad_san_andres_db-2026-09-24-233520-5a7f957b.sql.gz
micolev1	HECHO	demo	67197afb	5a7f957b	6 migracion(es), respaldo /home/micolev1/respaldos/antes-de-migrar/micolev1_demo_db-2026-09-24-233526-5a7f957b.sql.gz
micolev1	HECHO	eal	67197afb	5a7f957b	6 migracion(es), respaldo /home/micolev1/respaldos/antes-de-migrar/micolev1_la_hermosa-2026-09-24-233531-5a7f957b.sql.gz
micolev1	HECHO	fortul	67197afb	5a7f957b	6 migracion(es), respaldo /home/micolev1/respaldos/antes-de-migrar/micolev1_fortul_adventista_db-2026-09-24-233535-5a7f957b.sql.gz
micolev1	HECHO	inseaq	67197afb	5a7f957b	6 migracion(es), respaldo /home/micolev1/respaldos/antes-de-migrar/micolev1_quibdo_db-2026-09-24-233541-5a7f957b.sql.gz
micolev1	HECHO	lal	67197afb	5a7f957b	6 migracion(es), respaldo /home/micolev1/respaldos/antes-de-migrar/micolev1_lal_db-2026-09-24-233602-5a7f957b.sql.gz
micolev1	HECHO	maranathaarauca	67197afb	5a7f957b	6 migracion(es), respaldo /home/micolev1/respaldos/antes-de-migrar/micolev1_arauca_maranatha_db-2026-09-24-233625-5a7f957b.sql.gz
micolev1	HECHO	semillitasdedios	67197afb	5a7f957b	6 migracion(es), respaldo /home/micolev1/respaldos/antes-de-migrar/micolev1_semillitas-2026-09-24-233638-5a7f957b.sql.gz
micolevi	HECHO	public_html	67197afb	5a7f957b	6 migracion(es), respaldo /home/micolevi/respaldos/antes-de-migrar/micolevi_lalvirtual-2026-09-24-233645-5a7f957b.sql.gz
== 2026-09-25 13:00:18 -0500 · 18 desplegado(s), 0 sin desplegar
micolev1	HECHO	amiguitosdejesus	0ba4c51d	67197afb	0 migracion(es), respaldo -
micolev1	HECHO	bethelexplora	0ba4c51d	67197afb	0 migracion(es), respaldo -
micolev1	HECHO	cads-itagui	0ba4c51d	67197afb	0 migracion(es), respaldo -
micolev1	HECHO	casb-medellin	0ba4c51d	67197afb	0 migracion(es), respaldo -
micolev1	HECHO	caz-zaragoza	0ba4c51d	67197afb	0 migracion(es), respaldo -
micolev1	HECHO	coabsaravena	0ba4c51d	67197afb	0 migracion(es), respaldo -
micolev1	HECHO	coal	0ba4c51d	67197afb	0 migracion(es), respaldo -
micolev1	HECHO	colbosque	0ba4c51d	67197afb	0 migracion(es), respaldo -
micolev1	HECHO	coljordan	0ba4c51d	67197afb	0 migracion(es), respaldo -
micolev1	HECHO	comad-san-andres	0ba4c51d	67197afb	0 migracion(es), respaldo -
micolev1	HECHO	demo	0ba4c51d	67197afb	0 migracion(es), respaldo -
micolev1	HECHO	eal	0ba4c51d	67197afb	0 migracion(es), respaldo -
micolev1	HECHO	fortul	0ba4c51d	67197afb	0 migracion(es), respaldo -
micolev1	HECHO	inseaq	0ba4c51d	67197afb	0 migracion(es), respaldo -
micolev1	HECHO	lal	0ba4c51d	67197afb	0 migracion(es), respaldo -
micolev1	HECHO	maranathaarauca	0ba4c51d	67197afb	0 migracion(es), respaldo -
micolev1	HECHO	semillitasdedios	0ba4c51d	67197afb	0 migracion(es), respaldo -
micolevi	HECHO	public_html	0ba4c51d	67197afb	0 migracion(es), respaldo -
== 2026-09-25 14:49:05 -0500 · 18 desplegado(s), 0 sin desplegar
micolev1	HECHO	amiguitosdejesus	9cf96c8f	0ba4c51d	0 migracion(es), respaldo -
micolev1	HECHO	bethelexplora	9cf96c8f	0ba4c51d	0 migracion(es), respaldo -
micolev1	HECHO	cads-itagui	9cf96c8f	0ba4c51d	0 migracion(es), respaldo -
micolev1	HECHO	casb-medellin	9cf96c8f	0ba4c51d	0 migracion(es), respaldo -
micolev1	HECHO	caz-zaragoza	9cf96c8f	0ba4c51d	0 migracion(es), respaldo -
micolev1	HECHO	coabsaravena	9cf96c8f	0ba4c51d	0 migracion(es), respaldo -
micolev1	HECHO	coal	9cf96c8f	0ba4c51d	0 migracion(es), respaldo -
micolev1	HECHO	colbosque	9cf96c8f	0ba4c51d	0 migracion(es), respaldo -
micolev1	HECHO	coljordan	9cf96c8f	0ba4c51d	0 migracion(es), respaldo -
micolev1	HECHO	comad-san-andres	9cf96c8f	0ba4c51d	0 migracion(es), respaldo -
micolev1	HECHO	demo	9cf96c8f	0ba4c51d	0 migracion(es), respaldo -
micolev1	HECHO	eal	9cf96c8f	0ba4c51d	0 migracion(es), respaldo -
micolev1	HECHO	fortul	9cf96c8f	0ba4c51d	0 migracion(es), respaldo -
micolev1	HECHO	inseaq	9cf96c8f	0ba4c51d	0 migracion(es), respaldo -
micolev1	HECHO	lal	9cf96c8f	0ba4c51d	0 migracion(es), respaldo -
micolev1	HECHO	maranathaarauca	9cf96c8f	0ba4c51d	0 migracion(es), respaldo -
micolev1	HECHO	semillitasdedios	9cf96c8f	0ba4c51d	0 migracion(es), respaldo -
micolevi	HECHO	public_html	9cf96c8f	0ba4c51d	0 migracion(es), respaldo -
== 2026-09-25 18:51:35 -0500 · 1 desplegado(s), 0 sin desplegar (a mano, sólo LAL)
micolevi	HECHO	public_html	9cf96c8f	086b5a8f	0 migracion(es), respaldo /home/micolevi/respaldos/antes-de-migrar/micolevi_lalvirtual-2026-09-25-185135-086b5a8f.sql.gz
== 2026-09-27 22:37:15 -0500 · 18 desplegado(s), 0 sin desplegar
micolev1	HECHO	amiguitosdejesus	2e26b050	086b5a8f	9 migracion(es), respaldo /home/micolev1/respaldos/antes-de-migrar/micolev1_amiguitosdejesus-2026-09-27-233400-086b5a8f.sql.gz
micolev1	HECHO	bethelexplora	2e26b050	086b5a8f	9 migracion(es), respaldo /home/micolev1/respaldos/antes-de-migrar/micolev1_bethel_arauquita_db-2026-09-27-233404-086b5a8f.sql.gz
micolev1	HECHO	cads-itagui	2e26b050	086b5a8f	9 migracion(es), respaldo /home/micolev1/respaldos/antes-de-migrar/micolev1_cads_itagui_db-2026-09-27-233410-086b5a8f.sql.gz
micolev1	HECHO	casb-medellin	2e26b050	086b5a8f	9 migracion(es), respaldo /home/micolev1/respaldos/antes-de-migrar/micolev1_simonbolivar_medellin-2026-09-27-233422-086b5a8f.sql.gz
micolev1	HECHO	caz-zaragoza	2e26b050	086b5a8f	9 migracion(es), respaldo /home/micolev1/respaldos/antes-de-migrar/micolev1_caz_zaragoza_db-2026-09-27-233433-086b5a8f.sql.gz
micolev1	HECHO	coabsaravena	2e26b050	086b5a8f	9 migracion(es), respaldo /home/micolev1/respaldos/antes-de-migrar/micolev1_coab_saravena_db-2026-09-27-233440-086b5a8f.sql.gz
micolev1	HECHO	coal	2e26b050	086b5a8f	9 migracion(es), respaldo /home/micolev1/respaldos/antes-de-migrar/micolev1_coal_bucara-2026-09-27-233459-086b5a8f.sql.gz
micolev1	HECHO	colbosque	2e26b050	086b5a8f	9 migracion(es), respaldo /home/micolev1/respaldos/antes-de-migrar/micolev1_colbosque_tame-2026-09-27-233513-086b5a8f.sql.gz
micolev1	HECHO	coljordan	2e26b050	086b5a8f	9 migracion(es), respaldo /home/micolev1/respaldos/antes-de-migrar/micolev1_coljordan_db-2026-09-27-233517-086b5a8f.sql.gz
micolev1	HECHO	comad-san-andres	2e26b050	086b5a8f	9 migracion(es), respaldo /home/micolev1/respaldos/antes-de-migrar/micolev1_comad_san_andres_db-2026-09-27-233525-086b5a8f.sql.gz
micolev1	HECHO	demo	2e26b050	086b5a8f	9 migracion(es), respaldo /home/micolev1/respaldos/antes-de-migrar/micolev1_demo_db-2026-09-27-233531-086b5a8f.sql.gz
micolev1	HECHO	eal	2e26b050	086b5a8f	9 migracion(es), respaldo /home/micolev1/respaldos/antes-de-migrar/micolev1_la_hermosa-2026-09-27-233538-086b5a8f.sql.gz
micolev1	HECHO	fortul	2e26b050	086b5a8f	9 migracion(es), respaldo /home/micolev1/respaldos/antes-de-migrar/micolev1_fortul_adventista_db-2026-09-27-233543-086b5a8f.sql.gz
micolev1	HECHO	inseaq	2e26b050	086b5a8f	9 migracion(es), respaldo /home/micolev1/respaldos/antes-de-migrar/micolev1_quibdo_db-2026-09-27-233550-086b5a8f.sql.gz
micolev1	HECHO	lal	2e26b050	086b5a8f	9 migracion(es), respaldo /home/micolev1/respaldos/antes-de-migrar/micolev1_lal_db-2026-09-27-233612-086b5a8f.sql.gz
micolev1	HECHO	maranathaarauca	2e26b050	086b5a8f	9 migracion(es), respaldo /home/micolev1/respaldos/antes-de-migrar/micolev1_arauca_maranatha_db-2026-09-27-233633-086b5a8f.sql.gz
micolev1	HECHO	semillitasdedios	2e26b050	086b5a8f	9 migracion(es), respaldo /home/micolev1/respaldos/antes-de-migrar/micolev1_semillitas-2026-09-27-233645-086b5a8f.sql.gz
micolevi	HECHO	public_html	2e26b050	086b5a8f	9 migracion(es), respaldo /home/micolevi/respaldos/antes-de-migrar/micolevi_lalvirtual-2026-09-27-233654-086b5a8f.sql.gz
== 2026-09-28 11:17:27 -0500 · 18 desplegado(s), 0 sin desplegar
micolev1	HECHO	amiguitosdejesus	cecc434f	2e26b050	1 migracion(es), respaldo /home/micolev1/respaldos/antes-de-migrar/micolev1_amiguitosdejesus-2026-09-28-121429-2e26b050.sql.gz
micolev1	HECHO	bethelexplora	cecc434f	2e26b050	1 migracion(es), respaldo /home/micolev1/respaldos/antes-de-migrar/micolev1_bethel_arauquita_db-2026-09-28-121434-2e26b050.sql.gz
micolev1	HECHO	cads-itagui	cecc434f	2e26b050	1 migracion(es), respaldo /home/micolev1/respaldos/antes-de-migrar/micolev1_cads_itagui_db-2026-09-28-121440-2e26b050.sql.gz
micolev1	HECHO	casb-medellin	cecc434f	2e26b050	1 migracion(es), respaldo /home/micolev1/respaldos/antes-de-migrar/micolev1_simonbolivar_medellin-2026-09-28-121448-2e26b050.sql.gz
micolev1	HECHO	caz-zaragoza	cecc434f	2e26b050	1 migracion(es), respaldo /home/micolev1/respaldos/antes-de-migrar/micolev1_caz_zaragoza_db-2026-09-28-121458-2e26b050.sql.gz
micolev1	HECHO	coabsaravena	cecc434f	2e26b050	1 migracion(es), respaldo /home/micolev1/respaldos/antes-de-migrar/micolev1_coab_saravena_db-2026-09-28-121508-2e26b050.sql.gz
micolev1	HECHO	coal	cecc434f	2e26b050	1 migracion(es), respaldo /home/micolev1/respaldos/antes-de-migrar/micolev1_coal_bucara-2026-09-28-121528-2e26b050.sql.gz
micolev1	HECHO	colbosque	cecc434f	2e26b050	1 migracion(es), respaldo /home/micolev1/respaldos/antes-de-migrar/micolev1_colbosque_tame-2026-09-28-121537-2e26b050.sql.gz
micolev1	HECHO	coljordan	cecc434f	2e26b050	1 migracion(es), respaldo /home/micolev1/respaldos/antes-de-migrar/micolev1_coljordan_db-2026-09-28-121540-2e26b050.sql.gz
micolev1	HECHO	comad-san-andres	cecc434f	2e26b050	1 migracion(es), respaldo /home/micolev1/respaldos/antes-de-migrar/micolev1_comad_san_andres_db-2026-09-28-121546-2e26b050.sql.gz
micolev1	HECHO	demo	cecc434f	2e26b050	1 migracion(es), respaldo /home/micolev1/respaldos/antes-de-migrar/micolev1_demo_db-2026-09-28-121552-2e26b050.sql.gz
micolev1	HECHO	eal	cecc434f	2e26b050	1 migracion(es), respaldo /home/micolev1/respaldos/antes-de-migrar/micolev1_la_hermosa-2026-09-28-121557-2e26b050.sql.gz
micolev1	HECHO	fortul	cecc434f	2e26b050	1 migracion(es), respaldo /home/micolev1/respaldos/antes-de-migrar/micolev1_fortul_adventista_db-2026-09-28-121601-2e26b050.sql.gz
micolev1	HECHO	inseaq	cecc434f	2e26b050	1 migracion(es), respaldo /home/micolev1/respaldos/antes-de-migrar/micolev1_quibdo_db-2026-09-28-121606-2e26b050.sql.gz
micolev1	HECHO	lal	cecc434f	2e26b050	1 migracion(es), respaldo /home/micolev1/respaldos/antes-de-migrar/micolev1_lal_db-2026-09-28-121630-2e26b050.sql.gz
micolev1	HECHO	maranathaarauca	cecc434f	2e26b050	1 migracion(es), respaldo /home/micolev1/respaldos/antes-de-migrar/micolev1_arauca_maranatha_db-2026-09-28-121648-2e26b050.sql.gz
micolev1	HECHO	semillitasdedios	cecc434f	2e26b050	1 migracion(es), respaldo /home/micolev1/respaldos/antes-de-migrar/micolev1_semillitas-2026-09-28-121658-2e26b050.sql.gz
micolevi	HECHO	public_html	cecc434f	2e26b050	1 migracion(es), respaldo /home/micolevi/respaldos/antes-de-migrar/micolevi_lalvirtual-2026-09-28-121708-2e26b050.sql.gz
== 2026-09-29 11:54:55 -0500 · 18 desplegado(s), 0 sin desplegar
micolev1	HECHO	amiguitosdejesus	f1579d3d	cecc434f	1 migracion(es), respaldo /home/micolev1/respaldos/antes-de-migrar/micolev1_amiguitosdejesus-2026-09-29-125157-cecc434f.sql.gz
micolev1	HECHO	bethelexplora	f1579d3d	cecc434f	1 migracion(es), respaldo /home/micolev1/respaldos/antes-de-migrar/micolev1_bethel_arauquita_db-2026-09-29-125200-cecc434f.sql.gz
micolev1	HECHO	cads-itagui	f1579d3d	cecc434f	1 migracion(es), respaldo /home/micolev1/respaldos/antes-de-migrar/micolev1_cads_itagui_db-2026-09-29-125206-cecc434f.sql.gz
micolev1	HECHO	casb-medellin	f1579d3d	cecc434f	1 migracion(es), respaldo /home/micolev1/respaldos/antes-de-migrar/micolev1_simonbolivar_medellin-2026-09-29-125216-cecc434f.sql.gz
micolev1	HECHO	caz-zaragoza	f1579d3d	cecc434f	1 migracion(es), respaldo /home/micolev1/respaldos/antes-de-migrar/micolev1_caz_zaragoza_db-2026-09-29-125228-cecc434f.sql.gz
micolev1	HECHO	coabsaravena	f1579d3d	cecc434f	1 migracion(es), respaldo /home/micolev1/respaldos/antes-de-migrar/micolev1_coab_saravena_db-2026-09-29-125234-cecc434f.sql.gz
micolev1	HECHO	coal	f1579d3d	cecc434f	1 migracion(es), respaldo /home/micolev1/respaldos/antes-de-migrar/micolev1_coal_bucara-2026-09-29-125252-cecc434f.sql.gz
micolev1	HECHO	colbosque	f1579d3d	cecc434f	1 migracion(es), respaldo /home/micolev1/respaldos/antes-de-migrar/micolev1_colbosque_tame-2026-09-29-125304-cecc434f.sql.gz
micolev1	HECHO	coljordan	f1579d3d	cecc434f	1 migracion(es), respaldo /home/micolev1/respaldos/antes-de-migrar/micolev1_coljordan_db-2026-09-29-125308-cecc434f.sql.gz
micolev1	HECHO	comad-san-andres	f1579d3d	cecc434f	1 migracion(es), respaldo /home/micolev1/respaldos/antes-de-migrar/micolev1_comad_san_andres_db-2026-09-29-125316-cecc434f.sql.gz
micolev1	HECHO	demo	f1579d3d	cecc434f	1 migracion(es), respaldo /home/micolev1/respaldos/antes-de-migrar/micolev1_demo_db-2026-09-29-125322-cecc434f.sql.gz
micolev1	HECHO	eal	f1579d3d	cecc434f	1 migracion(es), respaldo /home/micolev1/respaldos/antes-de-migrar/micolev1_la_hermosa-2026-09-29-125328-cecc434f.sql.gz
micolev1	HECHO	fortul	f1579d3d	cecc434f	1 migracion(es), respaldo /home/micolev1/respaldos/antes-de-migrar/micolev1_fortul_adventista_db-2026-09-29-125331-cecc434f.sql.gz
micolev1	HECHO	inseaq	f1579d3d	cecc434f	1 migracion(es), respaldo /home/micolev1/respaldos/antes-de-migrar/micolev1_quibdo_db-2026-09-29-125337-cecc434f.sql.gz
micolev1	HECHO	lal	f1579d3d	cecc434f	1 migracion(es), respaldo /home/micolev1/respaldos/antes-de-migrar/micolev1_lal_db-2026-09-29-125359-cecc434f.sql.gz
micolev1	HECHO	maranathaarauca	f1579d3d	cecc434f	1 migracion(es), respaldo /home/micolev1/respaldos/antes-de-migrar/micolev1_arauca_maranatha_db-2026-09-29-125419-cecc434f.sql.gz
micolev1	HECHO	semillitasdedios	f1579d3d	cecc434f	1 migracion(es), respaldo /home/micolev1/respaldos/antes-de-migrar/micolev1_semillitas-2026-09-29-125430-cecc434f.sql.gz
micolevi	HECHO	public_html	f1579d3d	cecc434f	1 migracion(es), respaldo /home/micolevi/respaldos/antes-de-migrar/micolevi_lalvirtual-2026-09-29-125437-cecc434f.sql.gz
== 2026-09-29 22:45:00 -0500 · 18 desplegado(s), 0 sin desplegar · a mano con composer install (composer.lock: laravel 13.34, flysystem 3.36)
micolev1	HECHO	amiguitosdejesus	f80e9fb1	f1579d3d	0 migracion(es), composer install, respaldo vendor borrado tras comprobar
micolev1	HECHO	bethelexplora	f80e9fb1	f1579d3d	0 migracion(es), composer install, respaldo vendor borrado tras comprobar
micolev1	HECHO	cads-itagui	f80e9fb1	f1579d3d	0 migracion(es), composer install, respaldo vendor borrado tras comprobar
micolev1	HECHO	casb-medellin	f80e9fb1	f1579d3d	0 migracion(es), composer install, respaldo vendor borrado tras comprobar
micolev1	HECHO	caz-zaragoza	f80e9fb1	f1579d3d	0 migracion(es), composer install, respaldo vendor borrado tras comprobar
micolev1	HECHO	coabsaravena	f80e9fb1	f1579d3d	0 migracion(es), composer install, respaldo vendor borrado tras comprobar
micolev1	HECHO	coal	f80e9fb1	f1579d3d	0 migracion(es), composer install, respaldo vendor borrado tras comprobar
micolev1	HECHO	colbosque	f80e9fb1	f1579d3d	0 migracion(es), composer install, respaldo vendor borrado tras comprobar
micolev1	HECHO	coljordan	f80e9fb1	f1579d3d	0 migracion(es), composer install, respaldo vendor borrado tras comprobar
micolev1	HECHO	comad-san-andres	f80e9fb1	f1579d3d	0 migracion(es), composer install, respaldo vendor borrado tras comprobar
micolev1	HECHO	demo	f80e9fb1	f1579d3d	0 migracion(es), composer install, respaldo vendor borrado tras comprobar
micolev1	HECHO	eal	f80e9fb1	f1579d3d	0 migracion(es), composer install, respaldo vendor borrado tras comprobar
micolev1	HECHO	fortul	f80e9fb1	f1579d3d	0 migracion(es), composer install, respaldo vendor borrado tras comprobar
micolev1	HECHO	inseaq	f80e9fb1	f1579d3d	0 migracion(es), composer install, respaldo vendor borrado tras comprobar
micolev1	HECHO	lal	f80e9fb1	f1579d3d	0 migracion(es), composer install, respaldo vendor borrado tras comprobar
micolev1	HECHO	maranathaarauca	f80e9fb1	f1579d3d	0 migracion(es), composer install, respaldo vendor borrado tras comprobar
micolev1	HECHO	semillitasdedios	f80e9fb1	f1579d3d	0 migracion(es), composer install, respaldo vendor borrado tras comprobar
micolevi	HECHO	public_html	f80e9fb1	f1579d3d	0 migracion(es), composer install, respaldo vendor borrado tras comprobar
